2026-08-16 02:32:10:INFO: [INFO] Training with: device=cuda:0, seed=233, rank=0
2026-08-16 02:32:10:INFO: [INFO] Using local motion file: /workspace/gr3mini_tracking/motions/Extended_3_stageii_from_g1_gr3mini_v211_isaaclab_mjlab.npz
2026-08-16 02:32:10:INFO: [INFO] Logging experiment in directory: /workspace/gr3mini_tracking/logs/rsl_rl/gr3mini_teacher_normal/2026-08-16_02-31-57_teacher_8gpu_32768env_resume_torso_contact
2026-08-16 02:32:10:INFO: Setting seed: 233
2026-08-16 02:32:15:INFO: Warp 1.16.0 initialized:
2026-08-16 02:32:15:INFO:    CUDA Toolkit 12.9, Driver 12.9
2026-08-16 02:32:15:INFO:    Devices:
2026-08-16 02:32:15:INFO:      "cpu"      : "x86_64"
2026-08-16 02:32:15:INFO:      "cuda:0"   : "NVIDIA H100 80GB HBM3" (79 GiB, sm_90, mempool enabled)
2026-08-16 02:32:15:INFO:      "cuda:1"   : "NVIDIA H100 80GB HBM3" (79 GiB, sm_90, mempool enabled)
2026-08-16 02:32:15:INFO:      "cuda:2"   : "NVIDIA H100 80GB HBM3" (79 GiB, sm_90, mempool enabled)
2026-08-16 02:32:15:INFO:      "cuda:3"   : "NVIDIA H100 80GB HBM3" (79 GiB, sm_90, mempool enabled)
2026-08-16 02:32:15:INFO:      "cuda:4"   : "NVIDIA H100 80GB HBM3" (79 GiB, sm_90, mempool enabled)
2026-08-16 02:32:15:INFO:      "cuda:5"   : "NVIDIA H100 80GB HBM3" (79 GiB, sm_90, mempool enabled)
2026-08-16 02:32:15:INFO:      "cuda:6"   : "NVIDIA H100 80GB HBM3" (79 GiB, sm_90, mempool enabled)
2026-08-16 02:32:15:INFO:      "cuda:7"   : "NVIDIA H100 80GB HBM3" (79 GiB, sm_90, mempool enabled)
2026-08-16 02:32:15:INFO:    CUDA peer access:
2026-08-16 02:32:15:INFO:      Supported fully (all-directional)
2026-08-16 02:32:15:INFO:    Kernel cache:
2026-08-16 02:32:15:INFO:      /root/.cache/warp/1.16.0
2026-08-16 02:32:19:INFO: Module mujoco_warp._src.smooth c4020f1 load on device 'cuda:0' took 5.79 ms  (cached)
2026-08-16 02:32:19:INFO: Module _nxn_broadphase__locals__kernel_af72a12e af72a12 load on device 'cuda:0' took 1.93 ms  (cached)
2026-08-16 02:32:19:INFO: Module ccd_kernel_builder__locals__ccd_kernel_1ed557d3 1ed557d load on device 'cuda:0' took 4.15 ms  (cached)
2026-08-16 02:32:19:INFO: Module ccd_kernel_builder__locals__ccd_kernel_1ed557d3 1f1c617 load on device 'cuda:0' took 3.89 ms  (cached)
2026-08-16 02:32:20:INFO: Module _primitive_narrowphase__locals__primitive_narrowphase_f074866b f074866 load on device 'cuda:0' took 3.43 ms  (cached)
2026-08-16 02:32:20:INFO: Module mujoco_warp._src.constraint 36c8060 load on device 'cuda:0' took 0.99 ms  (cached)
2026-08-16 02:32:20:INFO: Module _friction_dof__locals__kernel_f2a43f82 f2a43f8 load on device 'cuda:0' took 1.05 ms  (cached)
2026-08-16 02:32:20:INFO: Module _limit_slide_hinge__locals__kernel_db2fd87c db2fd87 load on device 'cuda:0' took 1.37 ms  (cached)
2026-08-16 02:32:20:INFO: Module _efc_contact_init__locals__kernel_95598c78 95598c7 load on device 'cuda:0' took 0.80 ms  (cached)
2026-08-16 02:32:20:INFO: Module _efc_contact_jac_dense__locals__kernel_5df4708f 78a94ac load on device 'cuda:0' took 1.01 ms  (cached)
2026-08-16 02:32:20:INFO: Module _efc_contact_update__locals__kernel_d8fb6a36 d8fb6a3 load on device 'cuda:0' took 1.65 ms  (cached)
2026-08-16 02:32:20:INFO: Module mujoco_warp._src.forward bfd9fb5 load on device 'cuda:0' took 3.89 ms  (cached)
2026-08-16 02:32:20:INFO: Module mujoco_warp._src.passive d8c18c6 load on device 'cuda:0' took 2.77 ms  (cached)
2026-08-16 02:32:20:INFO: Module mujoco_warp._src.sensor de892d8 load on device 'cuda:0' took 3.74 ms  (cached)
2026-08-16 02:32:20:INFO: Module mujoco_warp._src.forward b068ad6 load on device 'cuda:0' took 3.14 ms  (cached)
2026-08-16 02:32:20:INFO: Module _qfrc_smooth__locals__kernel_4658f88b 4658f88 load on device 'cuda:0' took 2.69 ms  (cached)
2026-08-16 02:32:20:INFO: Module mujoco_warp._src.support ca784c5 load on device 'cuda:0' took 1.15 ms  (cached)
2026-08-16 02:32:20:INFO: Module _tile_cholesky_factorize_solve_block__locals__kernel_8b474c29 8c94b26 load on device 'cuda:0' took 48.50 ms  (cached)
2026-08-16 02:32:20:INFO: Module _solve_init_dof__locals__kernel_6cf817af 6cf817a load on device 'cuda:0' took 0.89 ms  (cached)
2026-08-16 02:32:20:INFO: Module mujoco_warp._src.solver 3a105a0 load on device 'cuda:0' took 4.51 ms  (cached)
2026-08-16 02:32:20:INFO: Module _solve_init_jaref_kernel__locals__kernel_010a4da8 010a4da load on device 'cuda:0' took 12.50 ms  (cached)
2026-08-16 02:32:20:INFO: Module mul_m_kernel__locals___mul_m_4f80c25f 4f80c25 load on device 'cuda:0' took 2.54 ms  (cached)
2026-08-16 02:32:20:INFO: Module _update_constraint_efc__locals__kernel_2874152a 2874152 load on device 'cuda:0' took 2.46 ms  (cached)
2026-08-16 02:32:20:INFO: Module _update_constraint_init_qfrc_constraint_dense__locals__kernel_96700b92 96700b9 load on device 'cuda:0' took 2.43 ms  (cached)
2026-08-16 02:32:20:INFO: Module _update_gradient_zero_grad_dot__locals__kernel_dc20e701 dc20e70 load on device 'cuda:0' took 0.70 ms  (cached)
2026-08-16 02:32:20:INFO: Module _update_gradient_grad__locals__kernel_75e45f77 75e45f7 load on device 'cuda:0' took 1.44 ms  (cached)
2026-08-16 02:32:20:INFO: Module _update_gradient_JTDAJ_dense_tiled__locals__kernel_e5f29ccd 7d60f5f load on device 'cuda:0' took 2.20 ms  (cached)
2026-08-16 02:32:20:INFO: Module _update_gradient_cholesky__locals__kernel_ec98799f db279b9 load on device 'cuda:0' took 49.24 ms  (cached)
2026-08-16 02:32:20:INFO: Module _linesearch_iterative_kernel__locals__kernel_6ae9debc 6c9ca6d load on device 'cuda:0' took 1.34 ms  (cached)
2026-08-16 02:32:20:INFO: Module _update_constraint_efc__locals__kernel_c5c7ee21 c5c7ee2 load on device 'cuda:0' took 0.92 ms  (cached)
2026-08-16 02:32:20:INFO: Module _update_constraint_init_qfrc_constraint_dense__locals__kernel_97f7aa4d 97f7aa4 load on device 'cuda:0' took 1.78 ms  (cached)
2026-08-16 02:32:20:INFO: Module _update_gradient_zero_grad_dot__locals__kernel_c8324c35 c8324c3 load on device 'cuda:0' took 2.32 ms  (cached)
2026-08-16 02:32:20:INFO: Module _update_gradient_grad__locals__kernel_5d6ef3e8 5d6ef3e load on device 'cuda:0' took 2.68 ms  (cached)
2026-08-16 02:32:20:INFO: Module _update_gradient_cholesky__locals__kernel_8ec900f5 c8bd438 load on device 'cuda:0' took 69.42 ms  (cached)
2026-08-16 02:32:20:INFO: Module _contact_sort__locals__contact_sort_c7ec4c16 3b32e96 load on device 'cuda:0' took 1.31 ms  (cached)
2026-08-16 02:32:20:INFO: Module _next_time_builder__locals___next_time_b0eef204 b0eef20 load on device 'cuda:0' took 0.83 ms  (cached)
2026-08-16 02:32:20:INFO: Module reset_data__locals__reset_xfrc_applied_fb15556a fb15556 load on device 'cuda:0' took 1.17 ms  (cached)
2026-08-16 02:32:20:INFO: Module reset_data__locals__reset_M_7fe3caab 7fe3caa load on device 'cuda:0' took 0.72 ms  (cached)
2026-08-16 02:32:20:INFO: Module reset_data__locals__reset_mocap_72adcc80 72adcc8 load on device 'cuda:0' took 1.22 ms  (cached)
2026-08-16 02:32:20:INFO: Module reset_data__locals__reset_contact_d045dbe7 d045dbe load on device 'cuda:0' took 2.17 ms  (cached)
2026-08-16 02:32:20:INFO: Module reset_data__locals__reset_sleep_a443f67b a443f67 load on device 'cuda:0' took 0.84 ms  (cached)
2026-08-16 02:32:20:INFO: Module reset_data__locals__reset_nworld_afd827a5 afd827a load on device 'cuda:0' took 1.23 ms  (cached)
2026-08-16 02:32:21:INFO: 
2026-08-16 02:32:21:INFO: +---------------------------------+
2026-08-16 02:32:21:INFO: |         Base Environment        |
2026-08-16 02:32:21:INFO: +------------------------+--------+
2026-08-16 02:32:21:INFO: | Property               | Value  |
2026-08-16 02:32:21:INFO: +------------------------+--------+
2026-08-16 02:32:21:INFO: | Number of environments | 4096   |
2026-08-16 02:32:21:INFO: | Environment device     | cuda:0 |
2026-08-16 02:32:21:INFO: | Environment seed       | 233    |
2026-08-16 02:32:21:INFO: | Physics step-size      | 0.002  |
2026-08-16 02:32:21:INFO: | Environment step-size  | 0.02   |
2026-08-16 02:32:21:INFO: +------------------------+--------+
2026-08-16 02:32:21:INFO: 
2026-08-16 02:32:21:INFO: [INFO] <EventManager> contains 2 active terms.
2026-08-16 02:32:21:INFO: +----------------------------------------------+
2026-08-16 02:32:21:INFO: |    Active Event Terms in Mode: 'interval'    |
2026-08-16 02:32:21:INFO: +-------+------------+-------------------------+
2026-08-16 02:32:21:INFO: | Index | Name       | Interval time range (s) |
2026-08-16 02:32:21:INFO: +-------+------------+-------------------------+
2026-08-16 02:32:21:INFO: |   0   | push_robot |       (5.0, 10.0)       |
2026-08-16 02:32:21:INFO: +-------+------------+-------------------------+
2026-08-16 02:32:21:INFO: +---------------------------------------+
2026-08-16 02:32:21:INFO: | Active Event Terms in Mode: 'startup' |
2026-08-16 02:32:21:INFO: +----------+----------------------------+
2026-08-16 02:32:21:INFO: |  Index   | Name                       |
2026-08-16 02:32:21:INFO: +----------+----------------------------+
2026-08-16 02:32:21:INFO: |    0     | foot_friction              |
2026-08-16 02:32:21:INFO: |    1     | joint_friction             |
2026-08-16 02:32:21:INFO: |    2     | joint_armature             |
2026-08-16 02:32:21:INFO: |    3     | body_mass                  |
2026-08-16 02:32:21:INFO: |    4     | torso_mass                 |
2026-08-16 02:32:21:INFO: |    5     | torso_com                  |
2026-08-16 02:32:21:INFO: |    6     | pd_gains                   |
2026-08-16 02:32:21:INFO: +----------+----------------------------+
2026-08-16 02:32:21:INFO: +-----------------------------+
2026-08-16 02:32:21:INFO: | Domain Randomization Fields |
2026-08-16 02:32:21:INFO: +-------+---------------------+
2026-08-16 02:32:21:INFO: | Index | Field Name          |
2026-08-16 02:32:21:INFO: +-------+---------------------+
2026-08-16 02:32:21:INFO: |   0   | geom_friction       |
2026-08-16 02:32:21:INFO: |   1   | dof_frictionloss    |
2026-08-16 02:32:21:INFO: |   2   | dof_armature        |
2026-08-16 02:32:21:INFO: |   3   | dof_invweight0      |
2026-08-16 02:32:21:INFO: |   4   | body_invweight0     |
2026-08-16 02:32:21:INFO: |   5   | tendon_length0      |
2026-08-16 02:32:21:INFO: |   6   | tendon_invweight0   |
2026-08-16 02:32:21:INFO: |   7   | actuator_acc0       |
2026-08-16 02:32:21:INFO: |   8   | body_mass           |
2026-08-16 02:32:21:INFO: |   9   | body_subtreemass    |
2026-08-16 02:32:21:INFO: |   10  | body_ipos           |
2026-08-16 02:32:21:INFO: |   11  | actuator_gainprm    |
2026-08-16 02:32:21:INFO: |   12  | actuator_biasprm    |
2026-08-16 02:32:21:INFO: +-------+---------------------+
2026-08-16 02:32:21:INFO: 
2026-08-16 02:32:21:INFO: Module repeat_array_kernel_f3ffbc3f f56645b load on device 'cuda:0' took 4.18 ms  (cached)
2026-08-16 02:32:21:INFO: Module repeat_array_kernel_f3ffbc3f 43f7a6f load on device 'cuda:0' took 1.32 ms  (cached)
2026-08-16 02:32:21:INFO: Module repeat_array_kernel_f3ffbc3f a5b1dbd load on device 'cuda:0' took 0.91 ms  (cached)
2026-08-16 02:32:21:INFO: Module repeat_array_kernel_f3ffbc3f 4a3be84 load on device 'cuda:0' took 0.86 ms  (cached)
2026-08-16 02:32:21:INFO: [INFO] <CommandManager> contains 1 active terms.
2026-08-16 02:32:21:INFO: +-----------------------------------+
2026-08-16 02:32:21:INFO: |        Active Command Terms       |
2026-08-16 02:32:21:INFO: +-------+--------+------------------+
2026-08-16 02:32:21:INFO: | Index | Name   |       Type       |
2026-08-16 02:32:21:INFO: +-------+--------+------------------+
2026-08-16 02:32:21:INFO: |   0   | motion | Gr3MotionCommand |
2026-08-16 02:32:21:INFO: +-------+--------+------------------+
2026-08-16 02:32:21:INFO: 
2026-08-16 02:32:21:INFO: [INFO] <ActionManager> contains 1 active terms.
2026-08-16 02:32:21:INFO: +---------------------------------+
2026-08-16 02:32:21:INFO: | Active Action Terms (shape: 25) |
2026-08-16 02:32:21:INFO: +-------+-----------+-------------+
2026-08-16 02:32:21:INFO: | Index | Name      |   Dimension |
2026-08-16 02:32:21:INFO: +-------+-----------+-------------+
2026-08-16 02:32:21:INFO: |   0   | joint_pos |          25 |
2026-08-16 02:32:21:INFO: +-------+-----------+-------------+
2026-08-16 02:32:21:INFO: 
2026-08-16 02:32:23:INFO: [INFO] <ObservationManager> contains 2 groups.
2026-08-16 02:32:23:INFO: +------------------------------------------------------------+
2026-08-16 02:32:23:INFO: | Active Observation Terms in Group: 'actor' (shape: (686,)) |
2026-08-16 02:32:23:INFO: +--------+-----------------------+---------------------------+
2026-08-16 02:32:23:INFO: | Index  | Name                  |           Shape           |
2026-08-16 02:32:23:INFO: +--------+-----------------------+---------------------------+
2026-08-16 02:32:23:INFO: |   0    | state_history         |     (336,)  ← 6×(56,)     |
2026-08-16 02:32:23:INFO: |   1    | action_history        |     (150,)  ← 6×(25,)     |
2026-08-16 02:32:23:INFO: |   2    | future_reference      |           (200,)          |
2026-08-16 02:32:23:INFO: +--------+-----------------------+---------------------------+
2026-08-16 02:32:23:INFO: +--------------------------------------------------------------+
2026-08-16 02:32:23:INFO: | Active Observation Terms in Group: 'critic' (shape: (1489,)) |
2026-08-16 02:32:23:INFO: +--------+-----------------------------+-----------------------+
2026-08-16 02:32:23:INFO: | Index  | Name                        |         Shape         |
2026-08-16 02:32:23:INFO: +--------+-----------------------------+-----------------------+
2026-08-16 02:32:23:INFO: |   0    | actor_state_history         |   (336,)  ← 6×(56,)   |
2026-08-16 02:32:23:INFO: |   1    | actor_action_history        |   (150,)  ← 6×(25,)   |
2026-08-16 02:32:23:INFO: |   2    | actor_future_reference      |         (200,)        |
2026-08-16 02:32:23:INFO: |   3    | privileged_state            |         (398,)        |
2026-08-16 02:32:23:INFO: |   4    | tracking_error              |         (405,)        |
2026-08-16 02:32:23:INFO: +--------+-----------------------------+-----------------------+
2026-08-16 02:32:23:INFO: 
2026-08-16 02:32:23:INFO: [INFO] <TerminationManager> contains 4 active terms.
2026-08-16 02:32:23:INFO: +--------------------------------------------------+
2026-08-16 02:32:23:INFO: |             Active Termination Terms             |
2026-08-16 02:32:23:INFO: +-------+-------------------------------+----------+
2026-08-16 02:32:23:INFO: | Index | Name                          | Time Out |
2026-08-16 02:32:23:INFO: +-------+-------------------------------+----------+
2026-08-16 02:32:23:INFO: |   0   | time_out                      |   True   |
2026-08-16 02:32:23:INFO: |   1   | root_height                   |  False   |
2026-08-16 02:32:23:INFO: |   2   | torso_ground_contact_too_long |  False   |
2026-08-16 02:32:23:INFO: |   3   | invalid_state                 |  False   |
2026-08-16 02:32:23:INFO: +-------+-------------------------------+----------+
2026-08-16 02:32:23:INFO: 
2026-08-16 02:32:23:INFO: [INFO] <RewardManager> contains 21 active terms.
2026-08-16 02:32:23:INFO: +-------------------------------------------+
2026-08-16 02:32:23:INFO: |            Active Reward Terms            |
2026-08-16 02:32:23:INFO: +-------+--------------------------+--------+
2026-08-16 02:32:23:INFO: | Index | Name                     | Weight |
2026-08-16 02:32:23:INFO: +-------+--------------------------+--------+
2026-08-16 02:32:23:INFO: |   0   | body_local_pos           |    2.0 |
2026-08-16 02:32:23:INFO: |   1   | body_local_rot           |    1.5 |
2026-08-16 02:32:23:INFO: |   2   | body_global_linvel       |    1.0 |
2026-08-16 02:32:23:INFO: |   3   | body_global_angvel       |    1.0 |
2026-08-16 02:32:23:INFO: |   4   | torso_world_angvel       |    1.0 |
2026-08-16 02:32:23:INFO: |   5   | joint_pos_tracking       |    0.5 |
2026-08-16 02:32:23:INFO: |   6   | joint_vel_tracking       |    0.5 |
2026-08-16 02:32:23:INFO: |   7   | root_pos                 |    0.5 |
2026-08-16 02:32:23:INFO: |   8   | root_orientation         |    1.0 |
2026-08-16 02:32:23:INFO: |   9   | torso_world_orientation  |    3.0 |
2026-08-16 02:32:23:INFO: |   10  | torso_height_tracking    |    1.0 |
2026-08-16 02:32:23:INFO: |   11  | feet_height_tracking     |    1.0 |
2026-08-16 02:32:23:INFO: |   12  | residual_action_rate     |   -0.1 |
2026-08-16 02:32:23:INFO: |   13  | penalty_torque           | -1e-05 |
2026-08-16 02:32:23:INFO: |   14  | smoothness_joint         | -1e-06 |
2026-08-16 02:32:23:INFO: |   15  | feet_slip                |   -0.5 |
2026-08-16 02:32:23:INFO: |   16  | dof_pos_limit            |   -5.0 |
2026-08-16 02:32:23:INFO: |   17  | dof_vel_limit            |  -10.0 |
2026-08-16 02:32:23:INFO: |   18  | undesired_self_collision |  -10.0 |
2026-08-16 02:32:23:INFO: |   19  | undesired_ground_contact |  -10.0 |
2026-08-16 02:32:23:INFO: |   20  | termination              | -100.0 |
2026-08-16 02:32:23:INFO: +-------+--------------------------+--------+
2026-08-16 02:32:23:INFO: 
2026-08-16 02:32:23:INFO: [INFO] <NullCurriculumManager> (inactive)
2026-08-16 02:32:23:INFO: [INFO] <NullMetricsManager> (inactive)
2026-08-16 02:32:23:INFO: [INFO] <NullRecorderManager> (inactive)
2026-08-16 02:32:23:WARNING: py.warnings:/workspace/mjlab/src/mjlab/managers/event_manager.py:329: UserWarning: dr.body_mass only randomizes mass and leaves the inertia tensor unchanged. For a physically consistent density change, use dr.pseudo_inertia(alpha_range=...) instead, which scales both mass and inertia together. dr.body_mass is only appropriate when modelling a point mass added at the COM.
  term_cfg.func(self._env, env_ids, **term_cfg.params)

2026-08-16 02:32:23:INFO: Module mujoco_warp._src.io 466491b load on device 'cuda:0' took 3.93 ms  (cached)
2026-08-16 02:32:23:INFO: Module _tile_cholesky_factorize_block__locals__kernel_b6aea41c be3609c load on device 'cuda:0' took 40.69 ms  (cached)
2026-08-16 02:32:23:INFO: Module _tile_cholesky_solve_block__locals__kernel_4fcf28f3 c408557 load on device 'cuda:0' took 57.02 ms  (cached)
