2026-08-18 14:56:07:INFO: [Gloo] Rank 1 is connected to 1 peer ranks. Expected number of connected peer ranks is : 1
2026-08-18 14:56:08:INFO: OpenGL.platform.ctypesloader:Failed to load library ( 'libOpenGL.so.0' ): libOpenGL.so.0: cannot open shared object file: No such file or directory
2026-08-18 14:56:08:INFO: OpenGL.acceleratesupport:No OpenGL_accelerate module loaded: No module named 'OpenGL_accelerate'
2026-08-18 14:56:08:INFO: OpenGL.platform.ctypesloader:Failed to load library ( 'libOpenGL.so.0' ): libOpenGL.so.0: cannot open shared object file: No such file or directory
2026-08-18 14:56:12:INFO: Starting 8 worker processes.
2026-08-18 14:58:03:INFO: Workers exited with errors.
2026-08-18 14:58:03:ERROR: Exception ignored in atexit callback: <bound method TemporaryDirectory.cleanup of <TemporaryDirectory '/tmp/tmpz2sdl1vbwandb-media'>>
2026-08-18 14:58:03:ERROR: Traceback (most recent call last):
2026-08-18 14:58:03:ERROR:   File "/usr/lib/python3.12/tempfile.py", line 1089, in cleanup
2026-08-18 14:58:03:ERROR:     self._rmtree(self.name, ignore_errors=self._ignore_cleanup_errors)
2026-08-18 14:58:03:ERROR:   File "/usr/lib/python3.12/tempfile.py", line 1069, in _rmtree
2026-08-18 14:58:03:ERROR:     _rmtree(name, onexc=onexc)
2026-08-18 14:58:03:ERROR:   File "/usr/lib/python3.12/shutil.py", line 785, in rmtree
2026-08-18 14:58:03:ERROR:     _rmtree_safe_fd(fd, path, onexc)
2026-08-18 14:58:03:ERROR:   File "/usr/lib/python3.12/shutil.py", line 657, in _rmtree_safe_fd
2026-08-18 14:58:03:ERROR:     with os.scandir(topfd) as scandir_it:
2026-08-18 14:58:03:ERROR:          ^^^^^^^^^^^^^^^^^
2026-08-18 14:58:03:ERROR:   File "/opt/gr3mini-tracking-venv/lib/python3.12/site-packages/torch/distributed/elastic/multiprocessing/api.py", line 85, in _terminate_process_handler
2026-08-18 14:58:03:ERROR:     raise SignalException(f"Process {os.getpid()} got signal: {sigval}", sigval=sigval)
2026-08-18 14:58:03:ERROR: torch.distributed.elastic.multiprocessing.api.SignalException: Process 901 got signal: 15
