2026-08-18 15:59:04:INFO: [INFO] Training with: device=cuda:5, seed=238, rank=5
2026-08-18 15:59:04:INFO: [INFO] Using local motion file: /workspace/gr3mini_tracking/motions/90_06_stageii.npz
2026-08-18 15:59:04:INFO: Setting seed: 238
2026-08-18 15:59:22:INFO: Warp 1.16.0 initialized:
2026-08-18 15:59:22:INFO:    CUDA Toolkit 12.9, Driver 12.9
2026-08-18 15:59:22:INFO:    Devices:
2026-08-18 15:59:22:INFO:      "cpu"      : "x86_64"
2026-08-18 15:59:22:INFO:      "cuda:0"   : "NVIDIA H100 80GB HBM3" (79 GiB, sm_90, mempool enabled)
2026-08-18 15:59:22:INFO:      "cuda:1"   : "NVIDIA H100 80GB HBM3" (79 GiB, sm_90, mempool enabled)
2026-08-18 15:59:22:INFO:      "cuda:2"   : "NVIDIA H100 80GB HBM3" (79 GiB, sm_90, mempool enabled)
2026-08-18 15:59:22:INFO:      "cuda:3"   : "NVIDIA H100 80GB HBM3" (79 GiB, sm_90, mempool enabled)
2026-08-18 15:59:22:INFO:      "cuda:4"   : "NVIDIA H100 80GB HBM3" (79 GiB, sm_90, mempool enabled)
2026-08-18 15:59:22:INFO:      "cuda:5"   : "NVIDIA H100 80GB HBM3" (79 GiB, sm_90, mempool enabled)
2026-08-18 15:59:22:INFO:      "cuda:6"   : "NVIDIA H100 80GB HBM3" (79 GiB, sm_90, mempool enabled)
2026-08-18 15:59:22:INFO:      "cuda:7"   : "NVIDIA H100 80GB HBM3" (79 GiB, sm_90, mempool enabled)
2026-08-18 15:59:22:INFO:    CUDA peer access:
2026-08-18 15:59:22:INFO:      Supported fully (all-directional)
2026-08-18 15:59:22:INFO:    Kernel cache:
2026-08-18 15:59:22:INFO:      /root/.cache/warp/1.16.0
2026-08-18 15:59:25:INFO: Module mujoco_warp._src.smooth c4020f1 load on device 'cuda:5' took 3.79 ms  (cached)
2026-08-18 15:59:25:INFO: Module _nxn_broadphase__locals__kernel_af72a12e af72a12 load on device 'cuda:5' took 0.67 ms  (cached)
2026-08-18 15:59:25:INFO: Module ccd_kernel_builder__locals__ccd_kernel_1ed557d3 1ed557d load on device 'cuda:5' took 2.71 ms  (cached)
2026-08-18 15:59:44:INFO: Module ccd_kernel_builder__locals__ccd_kernel_1ed557d3 1f1c617 load on device 'cuda:5' took 18328.04 ms  (compiled)
2026-08-18 15:59:45:INFO: Module _primitive_narrowphase__locals__primitive_narrowphase_f074866b f074866 load on device 'cuda:5' took 1142.16 ms  (cached)
2026-08-18 15:59:45:INFO: Module mujoco_warp._src.constraint 36c8060 load on device 'cuda:5' took 1.29 ms  (cached)
2026-08-18 15:59:45:INFO: Module _friction_dof__locals__kernel_f2a43f82 f2a43f8 load on device 'cuda:5' took 77.66 ms  (cached)
2026-08-18 15:59:45:INFO: Module _limit_slide_hinge__locals__kernel_db2fd87c db2fd87 load on device 'cuda:5' took 294.75 ms  (compiled)
2026-08-18 15:59:45:INFO: Module _efc_contact_init__locals__kernel_95598c78 95598c7 load on device 'cuda:5' took 42.36 ms  (cached)
2026-08-18 15:59:46:INFO: Module _efc_contact_jac_dense__locals__kernel_5df4708f 78a94ac load on device 'cuda:5' took 597.51 ms  (compiled)
2026-08-18 15:59:46:INFO: Module _efc_contact_update__locals__kernel_d8fb6a36 d8fb6a3 load on device 'cuda:5' took 198.88 ms  (compiled)
2026-08-18 15:59:48:INFO: Module mujoco_warp._src.forward bfd9fb5 load on device 'cuda:5' took 1304.89 ms  (compiled)
2026-08-18 15:59:50:INFO: Module mujoco_warp._src.passive d8c18c6 load on device 'cuda:5' took 2246.25 ms  (compiled)
2026-08-18 15:59:55:INFO: Module mujoco_warp._src.sensor de892d8 load on device 'cuda:5' took 4812.85 ms  (compiled)
2026-08-18 15:59:56:INFO: Module mujoco_warp._src.forward b068ad6 load on device 'cuda:5' took 1298.77 ms  (compiled)
2026-08-18 15:59:56:INFO: Module _qfrc_smooth__locals__kernel_4658f88b 4658f88 load on device 'cuda:5' took 29.18 ms  (cached)
2026-08-18 15:59:56:INFO: Module mujoco_warp._src.support ca784c5 load on device 'cuda:5' took 246.10 ms  (compiled)
2026-08-18 16:00:00:INFO: Module _tile_cholesky_factorize_solve_block__locals__kernel_8b474c29 8c94b26 load on device 'cuda:5' took 3915.60 ms  (compiled)
2026-08-18 16:00:00:INFO: Module _solve_init_dof__locals__kernel_6cf817af 6cf817a load on device 'cuda:5' took 70.33 ms  (compiled)
2026-08-18 16:00:02:INFO: Module mujoco_warp._src.solver 3a105a0 load on device 'cuda:5' took 1791.46 ms  (compiled)
2026-08-18 16:00:02:INFO: Module _solve_init_jaref_kernel__locals__kernel_010a4da8 010a4da load on device 'cuda:5' took 138.96 ms  (compiled)
2026-08-18 16:00:02:INFO: Module mul_m_kernel__locals___mul_m_4f80c25f 4f80c25 load on device 'cuda:5' took 105.30 ms  (compiled)
2026-08-18 16:00:02:INFO: Module _update_constraint_efc__locals__kernel_2874152a 2874152 load on device 'cuda:5' took 162.65 ms  (compiled)
2026-08-18 16:00:03:INFO: Module _update_constraint_init_qfrc_constraint_dense__locals__kernel_96700b92 96700b9 load on device 'cuda:5' took 128.92 ms  (compiled)
2026-08-18 16:00:03:INFO: Module _update_gradient_zero_grad_dot__locals__kernel_dc20e701 dc20e70 load on device 'cuda:5' took 62.84 ms  (compiled)
2026-08-18 16:00:03:INFO: Module _update_gradient_grad__locals__kernel_75e45f77 75e45f7 load on device 'cuda:5' took 90.98 ms  (compiled)
2026-08-18 16:00:04:INFO: Module _update_gradient_JTDAJ_dense_tiled__locals__kernel_e5f29ccd 7d60f5f load on device 'cuda:5' took 732.84 ms  (compiled)
2026-08-18 16:00:07:INFO: Module _update_gradient_cholesky__locals__kernel_ec98799f db279b9 load on device 'cuda:5' took 3272.94 ms  (compiled)
2026-08-18 16:00:08:INFO: Module _linesearch_iterative_kernel__locals__kernel_6ae9debc 6c9ca6d load on device 'cuda:5' took 676.32 ms  (compiled)
2026-08-18 16:00:08:INFO: Module _update_constraint_efc__locals__kernel_c5c7ee21 c5c7ee2 load on device 'cuda:5' took 172.18 ms  (compiled)
2026-08-18 16:00:08:INFO: Module _update_constraint_init_qfrc_constraint_dense__locals__kernel_97f7aa4d 97f7aa4 load on device 'cuda:5' took 103.16 ms  (compiled)
2026-08-18 16:00:08:INFO: Module _update_gradient_zero_grad_dot__locals__kernel_c8324c35 c8324c3 load on device 'cuda:5' took 104.20 ms  (compiled)
2026-08-18 16:00:08:INFO: Module _update_gradient_grad__locals__kernel_5d6ef3e8 5d6ef3e load on device 'cuda:5' took 111.65 ms  (compiled)
2026-08-18 16:00:10:INFO: Module _update_gradient_cholesky__locals__kernel_8ec900f5 c8bd438 load on device 'cuda:5' took 2476.27 ms  (compiled)
2026-08-18 16:00:10:INFO: Module _contact_sort__locals__contact_sort_c7ec4c16 3b32e96 load on device 'cuda:5' took 1.74 ms  (cached)
2026-08-18 16:00:10:INFO: Module _next_time_builder__locals___next_time_b0eef204 b0eef20 load on device 'cuda:5' took 0.76 ms  (cached)
2026-08-18 16:00:11:INFO: Module reset_data__locals__reset_xfrc_applied_fb15556a fb15556 load on device 'cuda:5' took 1.53 ms  (cached)
2026-08-18 16:00:11:INFO: Module reset_data__locals__reset_M_7fe3caab 7fe3caa load on device 'cuda:5' took 1.28 ms  (cached)
2026-08-18 16:00:11:INFO: Module reset_data__locals__reset_mocap_72adcc80 72adcc8 load on device 'cuda:5' took 0.70 ms  (cached)
2026-08-18 16:00:11:INFO: Module reset_data__locals__reset_contact_d045dbe7 d045dbe load on device 'cuda:5' took 81.11 ms  (cached)
2026-08-18 16:00:11:INFO: Module reset_data__locals__reset_sleep_a443f67b a443f67 load on device 'cuda:5' took 74.36 ms  (compiled)
2026-08-18 16:00:11:INFO: Module reset_data__locals__reset_nworld_afd827a5 afd827a load on device 'cuda:5' took 188.05 ms  (compiled)
2026-08-18 16:00:11:INFO: 
2026-08-18 16:00:11:INFO: +---------------------------------+
2026-08-18 16:00:11:INFO: |         Base Environment        |
2026-08-18 16:00:11:INFO: +------------------------+--------+
2026-08-18 16:00:11:INFO: | Property               | Value  |
2026-08-18 16:00:11:INFO: +------------------------+--------+
2026-08-18 16:00:11:INFO: | Number of environments | 4096   |
2026-08-18 16:00:11:INFO: | Environment device     | cuda:5 |
2026-08-18 16:00:11:INFO: | Environment seed       | 238    |
2026-08-18 16:00:11:INFO: | Physics step-size      | 0.002  |
2026-08-18 16:00:11:INFO: | Environment step-size  | 0.02   |
2026-08-18 16:00:11:INFO: +------------------------+--------+
2026-08-18 16:00:11:INFO: 
2026-08-18 16:00:11:INFO: [INFO] <EventManager> contains 2 active terms.
2026-08-18 16:00:11:INFO: +----------------------------------------------+
2026-08-18 16:00:11:INFO: |    Active Event Terms in Mode: 'interval'    |
2026-08-18 16:00:11:INFO: +-------+------------+-------------------------+
2026-08-18 16:00:11:INFO: | Index | Name       | Interval time range (s) |
2026-08-18 16:00:11:INFO: +-------+------------+-------------------------+
2026-08-18 16:00:11:INFO: |   0   | push_robot |       (2.0, 10.0)       |
2026-08-18 16:00:11:INFO: +-------+------------+-------------------------+
2026-08-18 16:00:11:INFO: +---------------------------------------+
2026-08-18 16:00:11:INFO: | Active Event Terms in Mode: 'startup' |
2026-08-18 16:00:11:INFO: +----------+----------------------------+
2026-08-18 16:00:11:INFO: |  Index   | Name                       |
2026-08-18 16:00:11:INFO: +----------+----------------------------+
2026-08-18 16:00:11:INFO: |    0     | foot_friction              |
2026-08-18 16:00:11:INFO: |    1     | joint_friction             |
2026-08-18 16:00:11:INFO: |    2     | joint_armature             |
2026-08-18 16:00:11:INFO: |    3     | body_mass                  |
2026-08-18 16:00:11:INFO: |    4     | torso_mass                 |
2026-08-18 16:00:11:INFO: |    5     | torso_com                  |
2026-08-18 16:00:11:INFO: |    6     | pd_gains                   |
2026-08-18 16:00:11:INFO: +----------+----------------------------+
2026-08-18 16:00:11:INFO: +-----------------------------+
2026-08-18 16:00:11:INFO: | Domain Randomization Fields |
2026-08-18 16:00:11:INFO: +-------+---------------------+
2026-08-18 16:00:11:INFO: | Index | Field Name          |
2026-08-18 16:00:11:INFO: +-------+---------------------+
2026-08-18 16:00:11:INFO: |   0   | geom_friction       |
2026-08-18 16:00:11:INFO: |   1   | dof_frictionloss    |
2026-08-18 16:00:11:INFO: |   2   | dof_armature        |
2026-08-18 16:00:11:INFO: |   3   | dof_invweight0      |
2026-08-18 16:00:11:INFO: |   4   | body_invweight0     |
2026-08-18 16:00:11:INFO: |   5   | tendon_length0      |
2026-08-18 16:00:11:INFO: |   6   | tendon_invweight0   |
2026-08-18 16:00:11:INFO: |   7   | actuator_acc0       |
2026-08-18 16:00:11:INFO: |   8   | body_mass           |
2026-08-18 16:00:11:INFO: |   9   | body_subtreemass    |
2026-08-18 16:00:11:INFO: |   10  | body_ipos           |
2026-08-18 16:00:11:INFO: |   11  | actuator_gainprm    |
2026-08-18 16:00:11:INFO: |   12  | actuator_biasprm    |
2026-08-18 16:00:11:INFO: +-------+---------------------+
2026-08-18 16:00:11:INFO: 
2026-08-18 16:00:11:INFO: Module repeat_array_kernel_f3ffbc3f f56645b load on device 'cuda:5' took 59.81 ms  (compiled)
2026-08-18 16:00:11:INFO: Module repeat_array_kernel_f3ffbc3f 43f7a6f load on device 'cuda:5' took 107.93 ms  (compiled)
2026-08-18 16:00:11:INFO: Module repeat_array_kernel_f3ffbc3f a5b1dbd load on device 'cuda:5' took 132.14 ms  (compiled)
2026-08-18 16:00:12:INFO: Module repeat_array_kernel_f3ffbc3f 4a3be84 load on device 'cuda:5' took 180.66 ms  (compiled)
2026-08-18 16:00:12:INFO: [INFO] <CommandManager> contains 1 active terms.
2026-08-18 16:00:12:INFO: +-----------------------------------+
2026-08-18 16:00:12:INFO: |        Active Command Terms       |
2026-08-18 16:00:12:INFO: +-------+--------+------------------+
2026-08-18 16:00:12:INFO: | Index | Name   |       Type       |
2026-08-18 16:00:12:INFO: +-------+--------+------------------+
2026-08-18 16:00:12:INFO: |   0   | motion | Gr3MotionCommand |
2026-08-18 16:00:12:INFO: +-------+--------+------------------+
2026-08-18 16:00:12:INFO: 
2026-08-18 16:00:12:INFO: [INFO] <ActionManager> contains 1 active terms.
2026-08-18 16:00:12:INFO: +---------------------------------+
2026-08-18 16:00:12:INFO: | Active Action Terms (shape: 25) |
2026-08-18 16:00:12:INFO: +-------+-----------+-------------+
2026-08-18 16:00:12:INFO: | Index | Name      |   Dimension |
2026-08-18 16:00:12:INFO: +-------+-----------+-------------+
2026-08-18 16:00:12:INFO: |   0   | joint_pos |          25 |
2026-08-18 16:00:12:INFO: +-------+-----------+-------------+
2026-08-18 16:00:12:INFO: 
2026-08-18 16:00:13:INFO: [INFO] <ObservationManager> contains 2 groups.
2026-08-18 16:00:13:INFO: +------------------------------------------------------------+
2026-08-18 16:00:13:INFO: | Active Observation Terms in Group: 'actor' (shape: (686,)) |
2026-08-18 16:00:13:INFO: +--------+-----------------------+---------------------------+
2026-08-18 16:00:13:INFO: | Index  | Name                  |           Shape           |
2026-08-18 16:00:13:INFO: +--------+-----------------------+---------------------------+
2026-08-18 16:00:13:INFO: |   0    | state_history         |     (336,)  ← 6×(56,)     |
2026-08-18 16:00:13:INFO: |   1    | action_history        |     (150,)  ← 6×(25,)     |
2026-08-18 16:00:13:INFO: |   2    | future_reference      |           (200,)          |
2026-08-18 16:00:13:INFO: +--------+-----------------------+---------------------------+
2026-08-18 16:00:13:INFO: +--------------------------------------------------------------+
2026-08-18 16:00:13:INFO: | Active Observation Terms in Group: 'critic' (shape: (1489,)) |
2026-08-18 16:00:13:INFO: +--------+-----------------------------+-----------------------+
2026-08-18 16:00:13:INFO: | Index  | Name                        |         Shape         |
2026-08-18 16:00:13:INFO: +--------+-----------------------------+-----------------------+
2026-08-18 16:00:13:INFO: |   0    | actor_state_history         |   (336,)  ← 6×(56,)   |
2026-08-18 16:00:13:INFO: |   1    | actor_action_history        |   (150,)  ← 6×(25,)   |
2026-08-18 16:00:13:INFO: |   2    | actor_future_reference      |         (200,)        |
2026-08-18 16:00:13:INFO: |   3    | privileged_state            |         (398,)        |
2026-08-18 16:00:13:INFO: |   4    | tracking_error              |         (405,)        |
2026-08-18 16:00:13:INFO: +--------+-----------------------------+-----------------------+
2026-08-18 16:00:13:INFO: 
2026-08-18 16:00:13:INFO: [INFO] <TerminationManager> contains 6 active terms.
2026-08-18 16:00:13:INFO: +--------------------------------------------------+
2026-08-18 16:00:13:INFO: |             Active Termination Terms             |
2026-08-18 16:00:13:INFO: +-------+-------------------------------+----------+
2026-08-18 16:00:13:INFO: | Index | Name                          | Time Out |
2026-08-18 16:00:13:INFO: +-------+-------------------------------+----------+
2026-08-18 16:00:13:INFO: |   0   | time_out                      |   True   |
2026-08-18 16:00:13:INFO: |   1   | root_height                   |  False   |
2026-08-18 16:00:13:INFO: |   2   | shoulder_height               |  False   |
2026-08-18 16:00:13:INFO: |   3   | body_position                 |  False   |
2026-08-18 16:00:13:INFO: |   4   | torso_ground_contact_too_long |  False   |
2026-08-18 16:00:13:INFO: |   5   | invalid_state                 |  False   |
2026-08-18 16:00:13:INFO: +-------+-------------------------------+----------+
2026-08-18 16:00:13:INFO: 
2026-08-18 16:00:13:INFO: [INFO] <RewardManager> contains 21 active terms.
2026-08-18 16:00:13:INFO: +-------------------------------------------+
2026-08-18 16:00:13:INFO: |            Active Reward Terms            |
2026-08-18 16:00:13:INFO: +-------+--------------------------+--------+
2026-08-18 16:00:13:INFO: | Index | Name                     | Weight |
2026-08-18 16:00:13:INFO: +-------+--------------------------+--------+
2026-08-18 16:00:13:INFO: |   0   | body_local_pos           |    2.0 |
2026-08-18 16:00:13:INFO: |   1   | feet_pos_tracking        |    2.1 |
2026-08-18 16:00:13:INFO: |   2   | body_local_rot           |    0.5 |
2026-08-18 16:00:13:INFO: |   3   | body_global_linvel       |    1.0 |
2026-08-18 16:00:13:INFO: |   4   | body_global_angvel       |    1.0 |
2026-08-18 16:00:13:INFO: |   5   | torso_world_angvel       |    5.0 |
2026-08-18 16:00:13:INFO: |   6   | joint_pos_tracking       |   0.75 |
2026-08-18 16:00:13:INFO: |   7   | joint_vel_tracking       |   0.75 |
2026-08-18 16:00:13:INFO: |   8   | root_orientation         |    1.0 |
2026-08-18 16:00:13:INFO: |   9   | torso_world_orientation  |    5.0 |
2026-08-18 16:00:13:INFO: |   10  | torso_height_tracking    |    5.0 |
2026-08-18 16:00:13:INFO: |   11  | feet_height_tracking     |    2.0 |
2026-08-18 16:00:13:INFO: |   12  | residual_action_rate     |   -0.1 |
2026-08-18 16:00:13:INFO: |   13  | penalty_torque           | -1e-05 |
2026-08-18 16:00:13:INFO: |   14  | smoothness_joint         | -1e-06 |
2026-08-18 16:00:13:INFO: |   15  | feet_slip                |   -0.5 |
2026-08-18 16:00:13:INFO: |   16  | dof_pos_limit            |   -5.0 |
2026-08-18 16:00:13:INFO: |   17  | dof_vel_limit            |  -10.0 |
2026-08-18 16:00:13:INFO: |   18  | undesired_self_collision |  -10.0 |
2026-08-18 16:00:13:INFO: |   19  | undesired_ground_contact |  -10.0 |
2026-08-18 16:00:13:INFO: |   20  | termination              | -100.0 |
2026-08-18 16:00:13:INFO: +-------+--------------------------+--------+
2026-08-18 16:00:13:INFO: 
2026-08-18 16:00:13:INFO: [INFO] <NullCurriculumManager> (inactive)
2026-08-18 16:00:13:INFO: [INFO] <NullMetricsManager> (inactive)
2026-08-18 16:00:13:INFO: [INFO] <NullRecorderManager> (inactive)
2026-08-18 16:00:13:WARNING: py.warnings:/workspace/mjlab/src/mjlab/managers/event_manager.py:329: UserWarning: dr.body_mass only randomizes mass and leaves the inertia tensor unchanged. For a physically consistent density change, use dr.pseudo_inertia(alpha_range=...) instead, which scales both mass and inertia together. dr.body_mass is only appropriate when modelling a point mass added at the COM.
  term_cfg.func(self._env, env_ids, **term_cfg.params)

2026-08-18 16:00:14:INFO: Module mujoco_warp._src.io 466491b load on device 'cuda:5' took 1034.43 ms  (cached)
2026-08-18 16:00:16:INFO: Module _tile_cholesky_factorize_block__locals__kernel_b6aea41c be3609c load on device 'cuda:5' took 1245.45 ms  (compiled)
2026-08-18 16:00:16:INFO: Module _tile_cholesky_solve_block__locals__kernel_4fcf28f3 c408557 load on device 'cuda:5' took 841.58 ms  (compiled)
2026-08-18 16:00:18:INFO: --------------------------------------------------------------------------------
2026-08-18 16:00:18:INFO: Resolved observation sets:
2026-08-18 16:00:18:INFO: 	 actor :  ('actor',)
2026-08-18 16:00:18:INFO: 	 critic :  ('critic',)
2026-08-18 16:00:18:INFO: --------------------------------------------------------------------------------
2026-08-18 16:00:18:INFO: Actor Model: TanhMLPModel(
2026-08-18 16:00:18:INFO:   (obs_normalizer): Identity()
2026-08-18 16:00:18:INFO:   (distribution): TanhGaussianDistribution()
2026-08-18 16:00:18:INFO:   (mlp): MLP(
2026-08-18 16:00:18:INFO:     (0): Linear(in_features=686, out_features=512, bias=True)
2026-08-18 16:00:18:INFO:     (1): SiLU()
2026-08-18 16:00:18:INFO:     (2): Linear(in_features=512, out_features=512, bias=True)
2026-08-18 16:00:18:INFO:     (3): SiLU()
2026-08-18 16:00:18:INFO:     (4): Linear(in_features=512, out_features=256, bias=True)
2026-08-18 16:00:18:INFO:     (5): SiLU()
2026-08-18 16:00:18:INFO:     (6): Linear(in_features=256, out_features=256, bias=True)
2026-08-18 16:00:18:INFO:     (7): SiLU()
2026-08-18 16:00:18:INFO:     (8): Linear(in_features=256, out_features=128, bias=True)
2026-08-18 16:00:18:INFO:     (9): SiLU()
2026-08-18 16:00:18:INFO:     (10): Linear(in_features=128, out_features=50, bias=True)
2026-08-18 16:00:18:INFO:     (11): Unflatten(dim=-1, unflattened_size=[2, 25])
2026-08-18 16:00:18:INFO:   )
2026-08-18 16:00:18:INFO: )
2026-08-18 16:00:18:INFO: Critic Model: MLPModel(
2026-08-18 16:00:18:INFO:   (obs_normalizer): Identity()
2026-08-18 16:00:18:INFO:   (mlp): MLP(
2026-08-18 16:00:18:INFO:     (0): Linear(in_features=1489, out_features=512, bias=True)
2026-08-18 16:00:18:INFO:     (1): SiLU()
2026-08-18 16:00:18:INFO:     (2): Linear(in_features=512, out_features=512, bias=True)
2026-08-18 16:00:18:INFO:     (3): SiLU()
2026-08-18 16:00:18:INFO:     (4): Linear(in_features=512, out_features=256, bias=True)
2026-08-18 16:00:18:INFO:     (5): SiLU()
2026-08-18 16:00:18:INFO:     (6): Linear(in_features=256, out_features=256, bias=True)
2026-08-18 16:00:18:INFO:     (7): SiLU()
2026-08-18 16:00:18:INFO:     (8): Linear(in_features=256, out_features=128, bias=True)
2026-08-18 16:00:18:INFO:     (9): SiLU()
2026-08-18 16:00:18:INFO:     (10): Linear(in_features=128, out_features=1, bias=True)
2026-08-18 16:00:18:INFO:   )
2026-08-18 16:00:18:INFO: )
2026-08-18 16:00:18:INFO: Synchronizing parameters for rank 5...
